2025-12-08 10:21:57 | INFO     | src.modeling.base_trainer | 
======================================================================
2025-12-08 10:21:57 | INFO     | src.modeling.base_trainer | [START] BẮT ĐẦU PIPELINE DỰ ĐOÁN GIÁ TAXI
2025-12-08 10:21:57 | INFO     | src.modeling.base_trainer | ======================================================================
2025-12-08 10:21:57 | INFO     | src.modeling.base_trainer | [OK] Dữ liệu đã tồn tại: E:\Hoc Tap\Thuc hanh Python\Do_An_Python\data\taxi_price.csv
2025-12-08 10:21:57 | INFO     | src.modeling.base_trainer | 
======================================================================
2025-12-08 10:21:57 | INFO     | src.modeling.base_trainer | [CLEAN] BƯỚC 1: TIỀN XỬ LÝ DỮ LIỆU
2025-12-08 10:21:57 | INFO     | src.modeling.base_trainer | ======================================================================
2025-12-08 10:21:57 | INFO     | src.modeling.base_trainer | [INPUT] Đang nạp và xử lý dữ liệu gốc (DataLoader)
2025-12-08 10:21:57 | INFO     | src.preprocessing.data_loader | ✅ Đọc dữ liệu thành công từ E:\Hoc Tap\Thuc hanh Python\Do_An_Python\data\taxi_price.csv - Shape: (1000, 11)
2025-12-08 10:21:57 | INFO     | src.preprocessing.data_loader | 🔤 Đã thống nhất text values (lowercase, strip)
2025-12-08 10:21:57 | INFO     | src.preprocessing.data_loader | 📏 Áp dụng 8 ràng buộc dữ liệu
2025-12-08 10:21:57 | INFO     | src.preprocessing.data_loader |    • Trip_Distance_km: clip to [0.0, 140.0]
2025-12-08 10:21:57 | INFO     | src.preprocessing.data_loader |    • Passenger_Count: clip to [1, 6]
2025-12-08 10:21:57 | INFO     | src.preprocessing.data_loader |    • Trip_Duration_Minutes: clip to [0.0, 120.0]
2025-12-08 10:21:57 | INFO     | src.preprocessing.data_loader |    • Base_Fare: clip to [0.0, None]
2025-12-08 10:21:57 | INFO     | src.preprocessing.data_loader |    • Per_Km_Rate: dropped 50 rows outside [0.0, None]
2025-12-08 10:21:57 | INFO     | src.preprocessing.data_loader |    • Per_Minute_Rate: dropped 49 rows outside [0.0, None]
2025-12-08 10:21:57 | INFO     | src.preprocessing.data_loader |    • Trip_Price: dropped 42 rows outside [0.0, None]
2025-12-08 10:21:57 | INFO     | __main__ |    After pre-split cleaning: (859, 11)
2025-12-08 10:21:57 | INFO     | src.modeling.base_trainer | [*] Đang tạo các biểu đồ EDA
2025-12-08 10:21:57 | INFO     | src.preprocessing.data_loader | 📊 Đang tạo báo cáo EDA...
2025-12-08 10:21:58 | INFO     | src.visualization.data_visualizer | Visualization saved to E:\Hoc Tap\Thuc hanh Python\Do_An_Python\results\eda\01_data_overview.png
2025-12-08 10:21:59 | INFO     | src.visualization.data_visualizer | Visualization saved to E:\Hoc Tap\Thuc hanh Python\Do_An_Python\results\eda\02_numeric_distributions.png
2025-12-08 10:21:59 | INFO     | src.visualization.data_visualizer | Visualization saved to E:\Hoc Tap\Thuc hanh Python\Do_An_Python\results\eda\03_categorical_distributions.png
2025-12-08 10:22:00 | INFO     | src.visualization.data_visualizer | Visualization saved to E:\Hoc Tap\Thuc hanh Python\Do_An_Python\results\eda\04_correlation_heatmap.png
2025-12-08 10:22:00 | INFO     | src.visualization.data_visualizer | Visualization saved to E:\Hoc Tap\Thuc hanh Python\Do_An_Python\results\eda\05_target_analysis.png
2025-12-08 10:22:01 | INFO     | src.visualization.data_visualizer | Visualization saved to E:\Hoc Tap\Thuc hanh Python\Do_An_Python\results\eda\06_outliers_boxplot.png
2025-12-08 10:22:01 | INFO     | src.preprocessing.data_loader | ✅ Đã tạo xong báo cáo EDA (6 biểu đồ)
2025-12-08 10:22:01 | INFO     | src.modeling.base_trainer | [SPLIT] Chia train/test
2025-12-08 10:22:01 | INFO     | __main__ |    Train shape       : (687, 11)
2025-12-08 10:22:01 | INFO     | __main__ |    Test shape        : (172, 11)
2025-12-08 10:22:01 | INFO     | src.modeling.base_trainer | [PROCESS] Xử lý TRAIN set (DataTransformer.fit_transform)
2025-12-08 10:22:01 | INFO     | src.preprocessing.data_transformer | ✅ DataTransformer khởi tạo thành công - Shape: (687, 11)
2025-12-08 10:22:01 | INFO     | src.preprocessing.data_transformer | ======================================================================
2025-12-08 10:22:01 | INFO     | src.preprocessing.data_transformer | 🔧 BẮT ĐẦU FIT_TRANSFORM PIPELINE
2025-12-08 10:22:01 | INFO     | src.preprocessing.data_transformer | ======================================================================
2025-12-08 10:22:01 | INFO     | src.preprocessing.data_transformer | 🔸 Bước 2: Xử lý missing values
2025-12-08 10:22:01 | INFO     | src.preprocessing.data_transformer | 🔸 Bước 3: Mã hóa biến phân loại (onehot)
2025-12-08 10:22:01 | INFO     | src.preprocessing.data_transformer | 🧩 ENCODING FEATURES | Tổng cột phân loại: 4 | Rule riêng: 0
2025-12-08 10:22:01 | INFO     | src.preprocessing.data_transformer |    • Time_of_Day: OneHotEncoder -> 4 cột mới
2025-12-08 10:22:01 | INFO     | src.preprocessing.data_transformer |    • Day_of_Week: OneHotEncoder -> 2 cột mới
2025-12-08 10:22:01 | INFO     | src.preprocessing.data_transformer |    • Traffic_Conditions: OneHotEncoder -> 3 cột mới
2025-12-08 10:22:01 | INFO     | src.preprocessing.data_transformer |    • Weather: OneHotEncoder -> 3 cột mới
2025-12-08 10:22:01 | INFO     | src.preprocessing.data_transformer |    • Tổng cột one-hot mới: 12
2025-12-08 10:22:01 | INFO     | src.preprocessing.data_transformer | 🔸 Bước 4: Chuẩn hóa features (standard)
2025-12-08 10:22:01 | INFO     | src.preprocessing.data_transformer | ⚙️  SCALE FEATURES | Tổng cột số: 19 | Có rule riêng: 6
2025-12-08 10:22:01 | INFO     | src.preprocessing.data_transformer |    • Trip_Distance_km: dùng scaler StandardScaler
2025-12-08 10:22:01 | INFO     | src.preprocessing.data_transformer |    • Passenger_Count: dùng scaler StandardScaler
2025-12-08 10:22:01 | INFO     | src.preprocessing.data_transformer |    • Base_Fare: dùng scaler StandardScaler
2025-12-08 10:22:01 | INFO     | src.preprocessing.data_transformer |    • Per_Km_Rate: dùng scaler StandardScaler
2025-12-08 10:22:01 | INFO     | src.preprocessing.data_transformer |    • Per_Minute_Rate: dùng scaler StandardScaler
2025-12-08 10:22:01 | INFO     | src.preprocessing.data_transformer |    • Trip_Duration_Minutes: dùng scaler StandardScaler
2025-12-08 10:22:01 | INFO     | src.preprocessing.data_transformer | ✅ FIT_TRANSFORM HOÀN TẤT - Shape: (687, 19)
2025-12-08 10:22:01 | INFO     | src.preprocessing.data_transformer | ======================================================================
2025-12-08 10:22:01 | INFO     | src.preprocessing.data_transformer | 📊 TÓM TẮT DỮ LIỆU
2025-12-08 10:22:01 | INFO     | src.preprocessing.data_transformer | {'shape': (687, 19), 'n_numeric_cols': 19, 'n_categorical_cols': 0, 'total_missing': 0, 'preprocessing_steps': ['fill_missing'], 'memory_usage_mb': 0.06826400756835938, 'is_fitted': True}
2025-12-08 10:22:01 | INFO     | src.preprocessing.data_transformer | ======================================================================
2025-12-08 10:22:01 | INFO     | src.modeling.base_trainer | [SYNC] Transform TEST set (DataTransformer.transform_new_data)
2025-12-08 10:22:01 | INFO     | src.preprocessing.data_transformer | 🧩 ENCODING FEATURES | Tổng cột phân loại: 4 | Rule riêng: 0
2025-12-08 10:22:01 | INFO     | src.preprocessing.data_transformer |    • Time_of_Day: OneHotEncoder -> 4 cột mới
2025-12-08 10:22:01 | INFO     | src.preprocessing.data_transformer |    • Day_of_Week: OneHotEncoder -> 2 cột mới
2025-12-08 10:22:01 | INFO     | src.preprocessing.data_transformer |    • Traffic_Conditions: OneHotEncoder -> 3 cột mới
2025-12-08 10:22:01 | INFO     | src.preprocessing.data_transformer |    • Weather: OneHotEncoder -> 3 cột mới
2025-12-08 10:22:01 | INFO     | src.preprocessing.data_transformer |    • Tổng cột one-hot mới: 12
2025-12-08 10:22:01 | INFO     | src.preprocessing.data_transformer | ⚙️  SCALE FEATURES | Tổng cột số: 19 | Có rule riêng: 6
2025-12-08 10:22:01 | INFO     | src.preprocessing.data_transformer |    • Trip_Distance_km: dùng scaler StandardScaler
2025-12-08 10:22:01 | INFO     | src.preprocessing.data_transformer |    • Passenger_Count: dùng scaler StandardScaler
2025-12-08 10:22:01 | INFO     | src.preprocessing.data_transformer |    • Base_Fare: dùng scaler StandardScaler
2025-12-08 10:22:01 | INFO     | src.preprocessing.data_transformer |    • Per_Km_Rate: dùng scaler StandardScaler
2025-12-08 10:22:01 | INFO     | src.preprocessing.data_transformer |    • Per_Minute_Rate: dùng scaler StandardScaler
2025-12-08 10:22:01 | INFO     | src.preprocessing.data_transformer |    • Trip_Duration_Minutes: dùng scaler StandardScaler
2025-12-08 10:22:01 | INFO     | __main__ |    Train processed shape: (687, 19)
2025-12-08 10:22:01 | INFO     | __main__ |    Test processed shape: (172, 19)
2025-12-08 10:22:01 | INFO     | src.modeling.base_trainer | [SAVE] Đã lưu dữ liệu tại: E:\Hoc Tap\Thuc hanh Python\Do_An_Python\data\taxi_price_processed.csv
2025-12-08 10:22:01 | INFO     | src.modeling.base_trainer | 
======================================================================
2025-12-08 10:22:01 | INFO     | src.modeling.base_trainer | [MODEL] BƯỚC 2: HUẤN LUYỆN MÔ HÌNH
2025-12-08 10:22:01 | INFO     | src.modeling.base_trainer | ======================================================================
2025-12-08 10:22:01 | INFO     | src.modeling.base_trainer | 
======================================================================
2025-12-08 10:22:01 | INFO     | src.modeling.base_trainer | [CONFIG] MODELTRAINER KHỞI TẠO
2025-12-08 10:22:01 | INFO     | src.modeling.base_trainer | ======================================================================
2025-12-08 10:22:01 | INFO     | src.modeling.base_trainer | [OK] Khởi tạo thành công
2025-12-08 10:22:01 | INFO     | src.modeling.base_trainer | [DATA] Train: (687, 18), Test: (172, 18)
2025-12-08 10:22:01 | INFO     | src.modeling.base_trainer | 
======================================================================
2025-12-08 10:22:01 | INFO     | src.modeling.base_trainer | [MODEL] HUẤN LUYỆN TẤT CẢ MÔ HÌNH
2025-12-08 10:22:01 | INFO     | src.modeling.base_trainer | ======================================================================
2025-12-08 10:22:01 | INFO     | src.modeling.base_trainer | [SEARCH] Tối ưu Random Forest
2025-12-08 10:22:01 | INFO     | src.modeling.base_trainer | 
======================================================================
2025-12-08 10:22:01 | INFO     | src.modeling.base_trainer | [SEARCH] TỐI ƯU RANDOM FOREST
2025-12-08 10:22:01 | INFO     | src.modeling.base_trainer | ======================================================================
2025-12-08 10:22:13 | INFO     | src.modeling.base_trainer | [OK] Best params: {'n_estimators': 290, 'max_depth': 10, 'min_samples_split': 5, 'min_samples_leaf': 1}
2025-12-08 10:22:13 | INFO     | src.modeling.base_trainer |    Best RMSE   : 10.136161
2025-12-08 10:22:13 | INFO     | src.modeling.base_trainer | 
======================================================================
2025-12-08 10:22:13 | INFO     | src.modeling.base_trainer | [RF] TRAINING RANDOM FOREST
2025-12-08 10:22:13 | INFO     | src.modeling.base_trainer | ======================================================================
2025-12-08 10:22:13 | INFO     | src.modeling.base_trainer | >> n_estimators=290, max_depth=10
2025-12-08 10:22:13 | INFO     | src.modeling.base_trainer |    Train RMSE  : 4.474932
2025-12-08 10:22:13 | INFO     | src.modeling.base_trainer |    Test RMSE   : 7.806602
2025-12-08 10:22:13 | INFO     | src.modeling.base_trainer |    Test MAE    : 5.024481
2025-12-08 10:22:13 | INFO     | src.modeling.base_trainer |    Test R²     : 0.945983
2025-12-08 10:22:13 | INFO     | src.modeling.base_trainer | [TIME] Thời gian train: 0.32 giây
2025-12-08 10:22:13 | INFO     | src.modeling.base_trainer | [SEARCH] Tối ưu Extra Trees
2025-12-08 10:22:13 | INFO     | src.modeling.base_trainer | 
======================================================================
2025-12-08 10:22:13 | INFO     | src.modeling.base_trainer | [SEARCH] TỐI ƯU EXTRA TREES
2025-12-08 10:22:13 | INFO     | src.modeling.base_trainer | ======================================================================
2025-12-08 10:22:16 | INFO     | src.modeling.base_trainer | [OK] Best params: {'n_estimators': 126, 'max_depth': 13, 'min_samples_split': 5, 'min_samples_leaf': 2}
2025-12-08 10:22:16 | INFO     | src.modeling.base_trainer |    Best RMSE   : 10.079314
2025-12-08 10:22:16 | INFO     | src.modeling.base_trainer | 
======================================================================
2025-12-08 10:22:16 | INFO     | src.modeling.base_trainer | [ET] TRAINING EXTRA TREES
2025-12-08 10:22:16 | INFO     | src.modeling.base_trainer | ======================================================================
2025-12-08 10:22:16 | INFO     | src.modeling.base_trainer | >> n_estimators=126, max_depth=13
2025-12-08 10:22:16 | INFO     | src.modeling.base_trainer |    Train RMSE  : 3.512294
2025-12-08 10:22:16 | INFO     | src.modeling.base_trainer |    Test RMSE   : 8.167517
2025-12-08 10:22:16 | INFO     | src.modeling.base_trainer |    Test MAE    : 4.758112
2025-12-08 10:22:16 | INFO     | src.modeling.base_trainer |    Test R²     : 0.940873
2025-12-08 10:22:16 | INFO     | src.modeling.base_trainer | [TIME] Thời gian train: 0.13 giây
2025-12-08 10:22:16 | INFO     | src.modeling.base_trainer | [SEARCH] Tối ưu XGBoost
2025-12-08 10:22:16 | INFO     | src.modeling.base_trainer | 
======================================================================
2025-12-08 10:22:16 | INFO     | src.modeling.base_trainer | [SEARCH] TỐI ƯU XGBOOST
2025-12-08 10:22:16 | INFO     | src.modeling.base_trainer | ======================================================================
2025-12-08 10:22:23 | INFO     | src.modeling.base_trainer | [OK] Best params: {'max_depth': 5, 'learning_rate': 0.019434277714494578, 'n_estimators': 337, 'subsample': 0.6432635459418835, 'colsample_bytree': 0.8596878333903372, 'min_child_weight': 2, 'gamma': 0.8684330334280612, 'reg_lambda': 0.34817508259899915, 'reg_alpha': 0.35107442954920937}
2025-12-08 10:22:23 | INFO     | src.modeling.base_trainer |    Best RMSE   : 10.546355
2025-12-08 10:22:23 | INFO     | src.modeling.base_trainer | 
======================================================================
2025-12-08 10:22:23 | INFO     | src.modeling.base_trainer | [XGB] TRAINING XGBOOST
2025-12-08 10:22:23 | INFO     | src.modeling.base_trainer | ======================================================================
2025-12-08 10:22:23 | INFO     | src.modeling.base_trainer | [DATA] Train-Test Gap: 3.00 (target < 3.0)
2025-12-08 10:22:23 | INFO     | src.modeling.base_trainer |    Train RMSE  : 3.670182
2025-12-08 10:22:23 | INFO     | src.modeling.base_trainer |    Test RMSE   : 6.668623
2025-12-08 10:22:23 | INFO     | src.modeling.base_trainer |    Test MAE    : 3.975838
2025-12-08 10:22:23 | INFO     | src.modeling.base_trainer |    Test R²     : 0.960584
2025-12-08 10:22:23 | INFO     | src.modeling.base_trainer | [TIME] Thời gian train: 0.21 giây
2025-12-08 10:22:23 | INFO     | src.modeling.base_trainer | [OK] Đã hoàn tất huấn luyện tất cả mô hình!
2025-12-08 10:22:23 | INFO     | src.modeling.base_trainer | 
======================================================================
2025-12-08 10:22:23 | INFO     | src.modeling.base_trainer | [DATA] BƯỚC 3: ĐÁNH GIÁ & VISUALIZATION
2025-12-08 10:22:23 | INFO     | src.modeling.base_trainer | ======================================================================
2025-12-08 10:22:23 | INFO     | src.modeling.base_trainer | 
======================================================================
2025-12-08 10:22:23 | INFO     | src.modeling.base_trainer | [DATA] TÓM TẮT KẾT QUẢ TRAINING
2025-12-08 10:22:23 | INFO     | src.modeling.base_trainer | ======================================================================
2025-12-08 10:22:23 | INFO     | src.modeling.base_trainer | 
======================================================================
2025-12-08 10:22:23 | INFO     | src.modeling.base_trainer | [BEST] MÔ HÌNH TỐT NHẤT
2025-12-08 10:22:23 | INFO     | src.modeling.base_trainer | ======================================================================
2025-12-08 10:22:23 | INFO     | src.modeling.base_trainer | [WINNER] Model: XGBOOST
2025-12-08 10:22:23 | INFO     | src.modeling.base_trainer |    Test R²     : 0.960584
2025-12-08 10:22:23 | INFO     | src.modeling.base_trainer |    Test RMSE   : 6.668623
2025-12-08 10:22:23 | INFO     | src.modeling.base_trainer |    Test MAE    : 3.975838
2025-12-08 10:22:23 | INFO     | src.modeling.model_trainer | ======================================================================

2025-12-08 10:22:23 | INFO     | src.modeling.base_trainer | [SAVE] Đã lưu kết quả: E:\Hoc Tap\Thuc hanh Python\Do_An_Python\results\model\model_results.json
2025-12-08 10:22:23 | INFO     | src.modeling.base_trainer | 
======================================================================
2025-12-08 10:22:23 | INFO     | src.modeling.base_trainer | [SAVE] LƯU TẤT CẢ CÁC MÔ HÌNH
2025-12-08 10:22:23 | INFO     | src.modeling.base_trainer | ======================================================================
2025-12-08 10:22:23 | INFO     | src.modeling.base_trainer | [SAVE] Đã lưu mô hình: E:\Hoc Tap\Thuc hanh Python\Do_An_Python\models\random_forest.joblib
2025-12-08 10:22:23 | INFO     | src.modeling.base_trainer | [SAVE] Đã lưu mô hình: E:\Hoc Tap\Thuc hanh Python\Do_An_Python\models\extra_trees.joblib
2025-12-08 10:22:23 | INFO     | src.modeling.base_trainer | [SAVE] Đã lưu mô hình: E:\Hoc Tap\Thuc hanh Python\Do_An_Python\models\xgboost.joblib
2025-12-08 10:22:23 | INFO     | src.modeling.base_trainer | [OK] Hoàn tất lưu 3 mô hình!
2025-12-08 10:22:23 | INFO     | src.preprocessing.data_transformer | ✅ Đã lưu transformer state tại E:\Hoc Tap\Thuc hanh Python\Do_An_Python\models\data_transformer.joblib
2025-12-08 10:22:23 | INFO     | __main__ | ✅ Đã lưu pipeline metadata: E:\Hoc Tap\Thuc hanh Python\Do_An_Python\results\pipeline_state.json
2025-12-08 10:22:23 | INFO     | src.modeling.base_trainer | [CHART] Vẽ biểu đồ metrics tổng hợp
2025-12-08 10:22:23 | INFO     | src.modeling.base_trainer | 
======================================================================
2025-12-08 10:22:23 | INFO     | src.modeling.base_trainer | [DATA] VẼ BIỂU ĐỒ METRICS TỔNG HỢP
2025-12-08 10:22:23 | INFO     | src.modeling.base_trainer | ======================================================================
2025-12-08 10:22:24 | INFO     | src.visualization.data_visualizer | Visualization saved to E:\Hoc Tap\Thuc hanh Python\Do_An_Python\results\model\metrics_summary.png
2025-12-08 10:22:24 | INFO     | src.modeling.base_trainer | [CHART] Vẽ biểu đồ predictions tổng hợp
2025-12-08 10:22:24 | INFO     | src.modeling.base_trainer | 
======================================================================
2025-12-08 10:22:24 | INFO     | src.modeling.base_trainer | [CHART] VẼ BIỂU ĐỒ PREDICTIONS TỔNG HỢP
2025-12-08 10:22:24 | INFO     | src.modeling.base_trainer | ======================================================================
2025-12-08 10:22:24 | INFO     | src.visualization.data_visualizer | Visualization saved to E:\Hoc Tap\Thuc hanh Python\Do_An_Python\results\model\predictions_combined.png
2025-12-08 10:22:24 | INFO     | src.modeling.base_trainer | [CHART] Vẽ biểu đồ feature importance so sánh
2025-12-08 10:22:24 | INFO     | src.modeling.base_trainer | 
======================================================================
2025-12-08 10:22:24 | INFO     | src.modeling.base_trainer | [DATA] SO SÁNH FEATURE IMPORTANCE GIỮA CÁC MÔ HÌNH
2025-12-08 10:22:24 | INFO     | src.modeling.base_trainer | ======================================================================
2025-12-08 10:22:25 | INFO     | src.visualization.data_visualizer | Visualization saved to E:\Hoc Tap\Thuc hanh Python\Do_An_Python\results\model\feature_importance_comparison.png
2025-12-08 10:22:25 | INFO     | src.modeling.base_trainer | 
======================================================================
2025-12-08 10:22:25 | INFO     | src.modeling.base_trainer | [BEST] MÔ HÌNH TỐT NHẤT
2025-12-08 10:22:25 | INFO     | src.modeling.base_trainer | ======================================================================
2025-12-08 10:22:25 | INFO     | __main__ |    Model             : XGBOOST
2025-12-08 10:22:25 | INFO     | __main__ |    Test R²           : 0.960584
2025-12-08 10:22:25 | INFO     | __main__ |    Test RMSE         : 6.668623
2025-12-08 10:22:25 | INFO     | __main__ |    Test MAE          : 3.975838
2025-12-08 10:22:25 | INFO     | src.modeling.base_trainer | 
======================================================================
2025-12-08 10:22:25 | INFO     | src.modeling.base_trainer | [OK] HOÀN TẤT PIPELINE
2025-12-08 10:22:25 | INFO     | src.modeling.base_trainer | ======================================================================
2025-12-08 10:22:25 | INFO     | src.modeling.base_trainer | [*] Mô hình đã lưu tại: E:\Hoc Tap\Thuc hanh Python\Do_An_Python\models
2025-12-08 10:22:25 | INFO     | src.modeling.base_trainer | [*] Kết quả đã lưu tại: E:\Hoc Tap\Thuc hanh Python\Do_An_Python\results
2025-12-08 10:22:25 | INFO     | __main__ | 
2025-12-08 10:22:25 | INFO     | __main__ | ⏱️ PIPELINE SUMMARY
2025-12-08 10:22:25 | INFO     | __main__ |    Download          : 0.00 giây
2025-12-08 10:22:25 | INFO     | __main__ |    Preprocess        : 4.28 giây
2025-12-08 10:22:25 | INFO     | __main__ |    Train             : 21.67 giây
2025-12-08 10:22:25 | INFO     | __main__ |    Evaluate          : 2.15 giây
2025-12-08 10:22:25 | INFO     | __main__ |    Total             : 28.10 giây
